Sun Jun 07 2026 15:39:32 [SQUALLY] info: [32m🚀 Database connected successfully[39m
Sun Jun 07 2026 15:39:32 [SQUALLY] info: [33m♻️ Application listening on port:5002[39m
Sun Jun 07 2026 15:40:8 [SQUALLY] info: [32m🚀 Database connected successfully[39m
Sun Jun 07 2026 15:40:8 [SQUALLY] info: [33m♻️ Application listening on port:5002[39m
Sun Jun 07 2026 15:40:13 [SQUALLY] info: [32m🚀 Database connected successfully[39m
Sun Jun 07 2026 15:40:13 [SQUALLY] info: [33m♻️ Application listening on port:5002[39m
Sun Jun 07 2026 15:40:20 [SQUALLY] info: [32m🚀 Database connected successfully[39m
Sun Jun 07 2026 15:40:20 [SQUALLY] info: [33m♻️ Application listening on port:5002[39m
Sun Jun 07 2026 15:40:25 [SQUALLY] info: [32m🚀 Database connected successfully[39m
Sun Jun 07 2026 15:40:25 [SQUALLY] info: [33m♻️ Application listening on port:5002[39m
Sun Jun 07 2026 15:40:31 [SQUALLY] info: [32m🚀 Database connected successfully[39m
Sun Jun 07 2026 15:40:31 [SQUALLY] info: [33m♻️ Application listening on port:5002[39m
Sun Jun 07 2026 15:40:38 [SQUALLY] info: [32m🚀 Database connected successfully[39m
Sun Jun 07 2026 15:40:38 [SQUALLY] info: [33m♻️ Application listening on port:5002[39m
Sun Jun 07 2026 15:42:17 [SQUALLY] info: 10.10.7.93 - POST /api/v1/modes 200 - 108.360 ms
Sun Jun 07 2026 15:42:55 [SQUALLY] info: 10.10.7.93 - GET /api/v1/modes 200 - 94.514 ms
Sun Jun 07 2026 15:43:29 [SQUALLY] info: 10.10.7.93 - GET /api/v1/modes/6a253cf89ebc85a4361023a3 200 - 91.001 ms
Sun Jun 07 2026 15:44:13 [SQUALLY] info: 10.10.7.93 - PATCH /api/v1/modes/6a253cf89ebc85a4361023a3 200 - 108.907 ms
Sun Jun 07 2026 15:44:50 [SQUALLY] info: [32m🚀 Database connected successfully[39m
Sun Jun 07 2026 15:44:50 [SQUALLY] info: [33m♻️ Application listening on port:5002[39m
Sun Jun 07 2026 15:44:51 [SQUALLY] info: 🛑 Graceful shutdown started...
Sun Jun 07 2026 15:44:51 [SQUALLY] info: ✅ Server closed
