Tue Jun 09 2026 9:0:40 [SQUALLY] info: [32m🚀 Database connected successfully[39m
Tue Jun 09 2026 9:0:40 [SQUALLY] info: ✅ Break Cron Job initialized (Running every minute)
Tue Jun 09 2026 9:0:40 [SQUALLY] info: [33m♻️ Application listening on port:5002[39m
Tue Jun 09 2026 9:0:46 [SQUALLY] info: [32m🚀 Database connected successfully[39m
Tue Jun 09 2026 9:0:46 [SQUALLY] info: ✅ Break Cron Job initialized (Running every minute)
Tue Jun 09 2026 9:0:46 [SQUALLY] info: [33m♻️ Application listening on port:5002[39m
Tue Jun 09 2026 9:1:6 [SQUALLY] info: 10.10.7.93 - GET /api/v1/dashboard/history 200 - 677.977 ms
Tue Jun 09 2026 9:2:34 [SQUALLY] info: [32m🚀 Database connected successfully[39m
Tue Jun 09 2026 9:2:34 [SQUALLY] info: ✅ Break Cron Job initialized (Running every minute)
Tue Jun 09 2026 9:2:34 [SQUALLY] info: [33m♻️ Application listening on port:5002[39m
Tue Jun 09 2026 9:2:41 [SQUALLY] info: [32m🚀 Database connected successfully[39m
Tue Jun 09 2026 9:2:41 [SQUALLY] info: ✅ Break Cron Job initialized (Running every minute)
Tue Jun 09 2026 9:2:41 [SQUALLY] info: [33m♻️ Application listening on port:5002[39m
Tue Jun 09 2026 9:2:43 [SQUALLY] info: 10.10.7.93 - GET /api/v1/dashboard/history 200 - 1516.319 ms
Tue Jun 09 2026 9:3:14 [SQUALLY] info: 10.10.7.93 - PATCH /api/v1/modes/6a268b0cacb9db9bbe2d9878/toggle-activation 200 - 601.235 ms
Tue Jun 09 2026 9:3:21 [SQUALLY] info: 10.10.7.93 - GET /api/v1/focus-sessions/history?modeId=6a2684687aa9b9adb0638f5d 200 - 1463.652 ms
Tue Jun 09 2026 9:3:32 [SQUALLY] info: 10.10.7.93 - GET /api/v1/focus-sessions/history 200 - 1011.144 ms
Tue Jun 09 2026 9:4:9 [SQUALLY] info: [32m🚀 Database connected successfully[39m
Tue Jun 09 2026 9:4:9 [SQUALLY] info: ✅ Break Cron Job initialized (Running every minute)
Tue Jun 09 2026 9:4:9 [SQUALLY] info: [33m♻️ Application listening on port:5002[39m
Tue Jun 09 2026 9:4:11 [SQUALLY] info: 10.10.7.93 - GET /api/v1/focus-sessions/history 200 - 1683.644 ms
Tue Jun 09 2026 9:7:19 [SQUALLY] info: [32m🚀 Database connected successfully[39m
Tue Jun 09 2026 9:7:19 [SQUALLY] info: ✅ Break Cron Job initialized (Running every minute)
Tue Jun 09 2026 9:7:19 [SQUALLY] info: [33m♻️ Application listening on port:5002[39m
Tue Jun 09 2026 9:7:31 [SQUALLY] info: [32m🚀 Database connected successfully[39m
Tue Jun 09 2026 9:7:31 [SQUALLY] info: ✅ Break Cron Job initialized (Running every minute)
Tue Jun 09 2026 9:7:31 [SQUALLY] info: [33m♻️ Application listening on port:5002[39m
Tue Jun 09 2026 9:7:43 [SQUALLY] info: [32m🚀 Database connected successfully[39m
Tue Jun 09 2026 9:7:43 [SQUALLY] info: ✅ Break Cron Job initialized (Running every minute)
Tue Jun 09 2026 9:7:43 [SQUALLY] info: [33m♻️ Application listening on port:5002[39m
Tue Jun 09 2026 9:11:3 [SQUALLY] info: 10.10.7.93 - GET /api/v1/focus-sessions/stats 200 - 413.777 ms
Tue Jun 09 2026 9:18:36 [SQUALLY] info: [32m🚀 Database connected successfully[39m
Tue Jun 09 2026 9:18:36 [SQUALLY] info: ✅ Break Cron Job initialized (Running every minute)
Tue Jun 09 2026 9:18:36 [SQUALLY] info: [33m♻️ Application listening on port:5002[39m
Tue Jun 09 2026 9:18:46 [SQUALLY] info: [32m🚀 Database connected successfully[39m
Tue Jun 09 2026 9:18:46 [SQUALLY] info: ✅ Break Cron Job initialized (Running every minute)
Tue Jun 09 2026 9:18:46 [SQUALLY] info: [33m♻️ Application listening on port:5002[39m
Tue Jun 09 2026 9:18:57 [SQUALLY] info: [32m🚀 Database connected successfully[39m
Tue Jun 09 2026 9:18:57 [SQUALLY] info: ✅ Break Cron Job initialized (Running every minute)
Tue Jun 09 2026 9:18:57 [SQUALLY] info: [33m♻️ Application listening on port:5002[39m
Tue Jun 09 2026 9:19:40 [SQUALLY] info: 10.10.7.93 - GET /api/v1/focus-sessions/export-csv 200 - 300.611 ms
Tue Jun 09 2026 9:19:57 [SQUALLY] info: 10.10.7.93 - GET /api/v1/focus-sessions/export-csv 200 - 232.965 ms
Tue Jun 09 2026 9:28:54 [SQUALLY] info: 10.10.7.93 - GET /api/v1/focus-sessions/export-csv 200 - 259.724 ms
Tue Jun 09 2026 9:30:39 [SQUALLY] info: [32m🚀 Database connected successfully[39m
Tue Jun 09 2026 9:30:39 [SQUALLY] info: ✅ Break Cron Job initialized (Running every minute)
Tue Jun 09 2026 9:30:39 [SQUALLY] info: [33m♻️ Application listening on port:5002[39m
Tue Jun 09 2026 9:31:15 [SQUALLY] info: [32m🚀 Database connected successfully[39m
Tue Jun 09 2026 9:31:15 [SQUALLY] info: ✅ Break Cron Job initialized (Running every minute)
Tue Jun 09 2026 9:31:15 [SQUALLY] info: [33m♻️ Application listening on port:5002[39m
Tue Jun 09 2026 9:33:30 [SQUALLY] info: 10.10.7.93 - GET /api/v1/focus-sessions/export-csv 200 - 285.968 ms
Tue Jun 09 2026 9:33:50 [SQUALLY] info: 🛑 Graceful shutdown started...
Tue Jun 09 2026 9:33:50 [SQUALLY] info: ✅ Server closed
Tue Jun 09 2026 9:34:3 [SQUALLY] info: [32m🚀 Database connected successfully[39m
Tue Jun 09 2026 9:34:3 [SQUALLY] info: ✅ Break Cron Job initialized (Running every minute)
Tue Jun 09 2026 9:34:3 [SQUALLY] info: [33m♻️ Application listening on port:5002[39m
Tue Jun 09 2026 9:34:39 [SQUALLY] info: 🛑 Graceful shutdown started...
Tue Jun 09 2026 9:34:59 [SQUALLY] info: [32m🚀 Database connected successfully[39m
Tue Jun 09 2026 9:34:59 [SQUALLY] info: ✅ Break Cron Job initialized (Running every minute)
Tue Jun 09 2026 9:34:59 [SQUALLY] info: [33m♻️ Application listening on port:5002[39m
