Wed Jul 29 2026 15:0:22 [SQUALLY] info: 10.10.7.10 - GET /api/v1/breaks/remaining 200 - 214.713 ms
Wed Jul 29 2026 15:1:12 [SQUALLY] info: 10.10.7.10 - GET /api/v1/dashboard/history 200 - 909.033 ms
Wed Jul 29 2026 15:3:30 [SQUALLY] info: [32m🚀 Database connected successfully[39m
Wed Jul 29 2026 15:3:30 [SQUALLY] info: ✅ Break Cron Job initialized (Running every minute)
Wed Jul 29 2026 15:3:30 [SQUALLY] info: [33m♻️ Application listening on port:5002[39m
Wed Jul 29 2026 15:3:33 [SQUALLY] info: [32m🚀 Database connected successfully[39m
Wed Jul 29 2026 15:3:33 [SQUALLY] info: ✅ Break Cron Job initialized (Running every minute)
Wed Jul 29 2026 15:3:33 [SQUALLY] info: [33m♻️ Application listening on port:5002[39m
Wed Jul 29 2026 15:3:37 [SQUALLY] info: [32m🚀 Database connected successfully[39m
Wed Jul 29 2026 15:3:37 [SQUALLY] info: ✅ Break Cron Job initialized (Running every minute)
Wed Jul 29 2026 15:3:37 [SQUALLY] info: [33m♻️ Application listening on port:5002[39m
Wed Jul 29 2026 15:4:56 [SQUALLY] info: 10.10.7.10 - GET /api/v1/dashboard/history-v2 200 - 709.274 ms
Wed Jul 29 2026 15:5:1 [SQUALLY] info: Cron Job: 1 expired breaks marked as completed.
Wed Jul 29 2026 15:7:50 [SQUALLY] info: [32m🚀 Database connected successfully[39m
Wed Jul 29 2026 15:7:50 [SQUALLY] info: ✅ Break Cron Job initialized (Running every minute)
Wed Jul 29 2026 15:7:50 [SQUALLY] info: [33m♻️ Application listening on port:5002[39m
Wed Jul 29 2026 15:8:5 [SQUALLY] info: 10.10.7.10 - GET /api/v1/modes/app-counts 200 - 143.993 ms
Wed Jul 29 2026 15:13:1 [SQUALLY] info: [32m🚀 Database connected successfully[39m
Wed Jul 29 2026 15:13:1 [SQUALLY] info: ✅ Break Cron Job initialized (Running every minute)
Wed Jul 29 2026 15:13:1 [SQUALLY] info: [33m♻️ Application listening on port:5002[39m
Wed Jul 29 2026 15:13:4 [SQUALLY] info: [32m🚀 Database connected successfully[39m
Wed Jul 29 2026 15:13:4 [SQUALLY] info: ✅ Break Cron Job initialized (Running every minute)
Wed Jul 29 2026 15:13:4 [SQUALLY] info: [33m♻️ Application listening on port:5002[39m
Wed Jul 29 2026 15:13:18 [SQUALLY] info: 10.10.7.10 - GET /api/v1/modes/app-count 200 - 146.208 ms
Wed Jul 29 2026 15:13:49 [SQUALLY] info: 10.10.7.10 - GET /api/v1/modes/app-details/6a69b8c00711bd5db6f212ac 200 - 139.987 ms
Wed Jul 29 2026 15:13:55 [SQUALLY] info: 10.10.7.10 - GET /api/v1/modes/total-focus-apps 200 - 139.758 ms
Wed Jul 29 2026 15:14:27 [SQUALLY] info: 10.10.7.10 - GET /api/v1/focus-sessions/history 200 - 1507.305 ms
Wed Jul 29 2026 15:18:29 [SQUALLY] info: [32m🚀 Database connected successfully[39m
Wed Jul 29 2026 15:18:29 [SQUALLY] info: ✅ Break Cron Job initialized (Running every minute)
Wed Jul 29 2026 15:18:29 [SQUALLY] info: [33m♻️ Application listening on port:5002[39m
Wed Jul 29 2026 15:18:39 [SQUALLY] info: [32m🚀 Database connected successfully[39m
Wed Jul 29 2026 15:18:39 [SQUALLY] info: ✅ Break Cron Job initialized (Running every minute)
Wed Jul 29 2026 15:18:39 [SQUALLY] info: [33m♻️ Application listening on port:5002[39m
Wed Jul 29 2026 15:18:45 [SQUALLY] info: [32m🚀 Database connected successfully[39m
Wed Jul 29 2026 15:18:45 [SQUALLY] info: ✅ Break Cron Job initialized (Running every minute)
Wed Jul 29 2026 15:18:45 [SQUALLY] info: [33m♻️ Application listening on port:5002[39m
Wed Jul 29 2026 15:18:55 [SQUALLY] info: [32m🚀 Database connected successfully[39m
Wed Jul 29 2026 15:18:55 [SQUALLY] info: ✅ Break Cron Job initialized (Running every minute)
Wed Jul 29 2026 15:18:55 [SQUALLY] info: [33m♻️ Application listening on port:5002[39m
Wed Jul 29 2026 15:19:5 [SQUALLY] info: [32m🚀 Database connected successfully[39m
Wed Jul 29 2026 15:19:5 [SQUALLY] info: ✅ Break Cron Job initialized (Running every minute)
Wed Jul 29 2026 15:19:5 [SQUALLY] info: [33m♻️ Application listening on port:5002[39m
Wed Jul 29 2026 15:19:13 [SQUALLY] info: [32m🚀 Database connected successfully[39m
Wed Jul 29 2026 15:19:13 [SQUALLY] info: ✅ Break Cron Job initialized (Running every minute)
Wed Jul 29 2026 15:19:13 [SQUALLY] info: [33m♻️ Application listening on port:5002[39m
Wed Jul 29 2026 15:22:6 [SQUALLY] info: 10.10.7.10 - GET /api/v1/focus-sessions/history-v2 200 - 1361.771 ms
Wed Jul 29 2026 15:23:15 [SQUALLY] info: [32m🚀 Database connected successfully[39m
Wed Jul 29 2026 15:23:15 [SQUALLY] info: ✅ Break Cron Job initialized (Running every minute)
Wed Jul 29 2026 15:23:15 [SQUALLY] info: [33m♻️ Application listening on port:5002[39m
Wed Jul 29 2026 15:24:8 [SQUALLY] info: 10.10.7.10 - GET /api/v1/focus-sessions/stats 200 - 350.271 ms
Wed Jul 29 2026 15:42:14 [SQUALLY] info: [32m🚀 Database connected successfully[39m
Wed Jul 29 2026 15:42:14 [SQUALLY] info: ✅ Break Cron Job initialized (Running every minute)
Wed Jul 29 2026 15:42:14 [SQUALLY] info: [33m♻️ Application listening on port:5002[39m
Wed Jul 29 2026 15:42:38 [SQUALLY] info: [32m🚀 Database connected successfully[39m
Wed Jul 29 2026 15:42:38 [SQUALLY] info: ✅ Break Cron Job initialized (Running every minute)
Wed Jul 29 2026 15:42:38 [SQUALLY] info: [33m♻️ Application listening on port:5002[39m
Wed Jul 29 2026 15:42:50 [SQUALLY] info: [32m🚀 Database connected successfully[39m
Wed Jul 29 2026 15:42:50 [SQUALLY] info: ✅ Break Cron Job initialized (Running every minute)
Wed Jul 29 2026 15:42:50 [SQUALLY] info: [33m♻️ Application listening on port:5002[39m
Wed Jul 29 2026 15:43:2 [SQUALLY] info: [32m🚀 Database connected successfully[39m
Wed Jul 29 2026 15:43:2 [SQUALLY] info: ✅ Break Cron Job initialized (Running every minute)
Wed Jul 29 2026 15:43:2 [SQUALLY] info: [33m♻️ Application listening on port:5002[39m
Wed Jul 29 2026 15:43:15 [SQUALLY] info: [32m🚀 Database connected successfully[39m
Wed Jul 29 2026 15:43:15 [SQUALLY] info: ✅ Break Cron Job initialized (Running every minute)
Wed Jul 29 2026 15:43:15 [SQUALLY] info: [33m♻️ Application listening on port:5002[39m
Wed Jul 29 2026 15:43:28 [SQUALLY] info: [32m🚀 Database connected successfully[39m
Wed Jul 29 2026 15:43:28 [SQUALLY] info: ✅ Break Cron Job initialized (Running every minute)
Wed Jul 29 2026 15:43:28 [SQUALLY] info: [33m♻️ Application listening on port:5002[39m
Wed Jul 29 2026 15:43:42 [SQUALLY] info: [32m🚀 Database connected successfully[39m
Wed Jul 29 2026 15:43:42 [SQUALLY] info: ✅ Break Cron Job initialized (Running every minute)
Wed Jul 29 2026 15:43:42 [SQUALLY] info: [33m♻️ Application listening on port:5002[39m
Wed Jul 29 2026 15:43:51 [SQUALLY] info: [32m🚀 Database connected successfully[39m
Wed Jul 29 2026 15:43:51 [SQUALLY] info: ✅ Break Cron Job initialized (Running every minute)
Wed Jul 29 2026 15:43:51 [SQUALLY] info: [33m♻️ Application listening on port:5002[39m
Wed Jul 29 2026 15:43:56 [SQUALLY] info: [32m🚀 Database connected successfully[39m
Wed Jul 29 2026 15:43:56 [SQUALLY] info: ✅ Break Cron Job initialized (Running every minute)
Wed Jul 29 2026 15:43:56 [SQUALLY] info: [33m♻️ Application listening on port:5002[39m
Wed Jul 29 2026 15:47:18 [SQUALLY] info: [32m🚀 Database connected successfully[39m
Wed Jul 29 2026 15:47:18 [SQUALLY] info: ✅ Break Cron Job initialized (Running every minute)
Wed Jul 29 2026 15:47:18 [SQUALLY] info: [33m♻️ Application listening on port:5002[39m
Wed Jul 29 2026 15:47:24 [SQUALLY] info: [32m🚀 Database connected successfully[39m
Wed Jul 29 2026 15:47:24 [SQUALLY] info: ✅ Break Cron Job initialized (Running every minute)
Wed Jul 29 2026 15:47:24 [SQUALLY] info: [33m♻️ Application listening on port:5002[39m
Wed Jul 29 2026 15:47:46 [SQUALLY] info: [32m🚀 Database connected successfully[39m
Wed Jul 29 2026 15:47:46 [SQUALLY] info: ✅ Break Cron Job initialized (Running every minute)
Wed Jul 29 2026 15:47:46 [SQUALLY] info: [33m♻️ Application listening on port:5002[39m
Wed Jul 29 2026 15:48:35 [SQUALLY] info: 10.10.7.10 - GET /api/v1/friends/users 200 - 362.291 ms
Wed Jul 29 2026 15:50:17 [SQUALLY] info: 10.10.7.10 - GET /api/v1/friends/list 200 - 84.909 ms
Wed Jul 29 2026 15:51:38 [SQUALLY] info: 10.10.7.10 - GET /api/v1/friends/list 200 - 83.910 ms
Wed Jul 29 2026 15:51:50 [SQUALLY] info: 10.10.7.10 - POST /api/v1/friends/add-friend 200 - 196.720 ms
Wed Jul 29 2026 15:51:57 [SQUALLY] info: 10.10.7.10 - GET /api/v1/friends/list 200 - 256.540 ms
Wed Jul 29 2026 15:55:31 [SQUALLY] info: [32m🚀 Database connected successfully[39m
Wed Jul 29 2026 15:55:31 [SQUALLY] info: ✅ Break Cron Job initialized (Running every minute)
Wed Jul 29 2026 15:55:31 [SQUALLY] info: [33m♻️ Application listening on port:5002[39m
Wed Jul 29 2026 15:55:37 [SQUALLY] info: [32m🚀 Database connected successfully[39m
Wed Jul 29 2026 15:55:37 [SQUALLY] info: ✅ Break Cron Job initialized (Running every minute)
Wed Jul 29 2026 15:55:37 [SQUALLY] info: [33m♻️ Application listening on port:5002[39m
Wed Jul 29 2026 15:55:43 [SQUALLY] info: [32m🚀 Database connected successfully[39m
Wed Jul 29 2026 15:55:43 [SQUALLY] info: ✅ Break Cron Job initialized (Running every minute)
Wed Jul 29 2026 15:55:43 [SQUALLY] info: [33m♻️ Application listening on port:5002[39m
Wed Jul 29 2026 15:55:55 [SQUALLY] info: [32m🚀 Database connected successfully[39m
Wed Jul 29 2026 15:55:55 [SQUALLY] info: ✅ Break Cron Job initialized (Running every minute)
Wed Jul 29 2026 15:55:55 [SQUALLY] info: [33m♻️ Application listening on port:5002[39m
Wed Jul 29 2026 15:56:1 [SQUALLY] info: [32m🚀 Database connected successfully[39m
Wed Jul 29 2026 15:56:1 [SQUALLY] info: ✅ Break Cron Job initialized (Running every minute)
Wed Jul 29 2026 15:56:1 [SQUALLY] info: [33m♻️ Application listening on port:5002[39m
Wed Jul 29 2026 15:58:16 [SQUALLY] info: [32m🚀 Database connected successfully[39m
Wed Jul 29 2026 15:58:16 [SQUALLY] info: ✅ Break Cron Job initialized (Running every minute)
Wed Jul 29 2026 15:58:16 [SQUALLY] info: [33m♻️ Application listening on port:5002[39m
Wed Jul 29 2026 15:58:21 [SQUALLY] info: [32m🚀 Database connected successfully[39m
Wed Jul 29 2026 15:58:21 [SQUALLY] info: ✅ Break Cron Job initialized (Running every minute)
Wed Jul 29 2026 15:58:21 [SQUALLY] info: [33m♻️ Application listening on port:5002[39m
Wed Jul 29 2026 15:58:26 [SQUALLY] info: [32m🚀 Database connected successfully[39m
Wed Jul 29 2026 15:58:26 [SQUALLY] info: ✅ Break Cron Job initialized (Running every minute)
Wed Jul 29 2026 15:58:26 [SQUALLY] info: [33m♻️ Application listening on port:5002[39m
Wed Jul 29 2026 15:58:35 [SQUALLY] info: [32m🚀 Database connected successfully[39m
Wed Jul 29 2026 15:58:35 [SQUALLY] info: ✅ Break Cron Job initialized (Running every minute)
Wed Jul 29 2026 15:58:35 [SQUALLY] info: [33m♻️ Application listening on port:5002[39m
Wed Jul 29 2026 15:58:40 [SQUALLY] info: [32m🚀 Database connected successfully[39m
Wed Jul 29 2026 15:58:40 [SQUALLY] info: ✅ Break Cron Job initialized (Running every minute)
Wed Jul 29 2026 15:58:40 [SQUALLY] info: [33m♻️ Application listening on port:5002[39m
Wed Jul 29 2026 15:59:23 [SQUALLY] info: 10.10.7.10 - PATCH /api/v1/modes/6a69b8c00711bd5db6f212ac/toggle-activation 200 - 433.839 ms
Wed Jul 29 2026 15:59:33 [SQUALLY] info: Mail send successfully
Wed Jul 29 2026 15:59:33 [SQUALLY] info: 10.10.7.10 - POST /api/v1/friends/create-nudge 200 - 4306.599 ms
